[32m[Nest] 23932  - [39m20.04.2026, 17:35:45 [32m    LOG[39m [38;5;3m[NestFactory] [39m[32mStarting Nest application...[39m
[32m[Nest] 23932  - [39m20.04.2026, 17:35:45 [32m    LOG[39m [38;5;3m[InstanceLoader] [39m[32mTypeOrmModule dependencies initialized[39m[38;5;3m +13ms[39m
[32m[Nest] 23932  - [39m20.04.2026, 17:35:45 [32m    LOG[39m [38;5;3m[InstanceLoader] [39m[32mPassportModule dependencies initialized[39m[38;5;3m +0ms[39m
[32m[Nest] 23932  - [39m20.04.2026, 17:35:45 [32m    LOG[39m [38;5;3m[InstanceLoader] [39m[32mAccountsModule dependencies initialized[39m[38;5;3m +1ms[39m
[32m[Nest] 23932  - [39m20.04.2026, 17:35:45 [32m    LOG[39m [38;5;3m[InstanceLoader] [39m[32mGoalsModule dependencies initialized[39m[38;5;3m +0ms[39m
[32m[Nest] 23932  - [39m20.04.2026, 17:35:45 [32m    LOG[39m [38;5;3m[InstanceLoader] [39m[32mDebtsModule dependencies initialized[39m[38;5;3m +0ms[39m
[32m[Nest] 23932  - [39m20.04.2026, 17:35:45 [32m    LOG[39m [38;5;3m[InstanceLoader] [39m[32mConfigHostModule dependencies initialized[39m[38;5;3m +0ms[39m
[32m[Nest] 23932  - [39m20.04.2026, 17:35:45 [32m    LOG[39m [38;5;3m[InstanceLoader] [39m[32mAppModule dependencies initialized[39m[38;5;3m +1ms[39m
[32m[Nest] 23932  - [39m20.04.2026, 17:35:45 [32m    LOG[39m [38;5;3m[InstanceLoader] [39m[32mConfigModule dependencies initialized[39m[38;5;3m +0ms[39m
[32m[Nest] 23932  - [39m20.04.2026, 17:35:45 [32m    LOG[39m [38;5;3m[InstanceLoader] [39m[32mConfigModule dependencies initialized[39m[38;5;3m +0ms[39m
[32m[Nest] 23932  - [39m20.04.2026, 17:35:45 [32m    LOG[39m [38;5;3m[InstanceLoader] [39m[32mJwtModule dependencies initialized[39m[38;5;3m +35ms[39m
(node:23932) DeprecationWarning: Calling client.query() when the client is already executing a query is deprecated and will be removed in pg@9.0. Use async/await or an external async flow control mechanism instead.
(Use `node --trace-deprecation ...` to show where the warning was created)
[32m[Nest] 23932  - [39m20.04.2026, 17:35:45 [32m    LOG[39m [38;5;3m[InstanceLoader] [39m[32mTypeOrmCoreModule dependencies initialized[39m[38;5;3m +113ms[39m
[32m[Nest] 23932  - [39m20.04.2026, 17:35:45 [32m    LOG[39m [38;5;3m[InstanceLoader] [39m[32mTypeOrmModule dependencies initialized[39m[38;5;3m +0ms[39m
[32m[Nest] 23932  - [39m20.04.2026, 17:35:45 [32m    LOG[39m [38;5;3m[InstanceLoader] [39m[32mTypeOrmModule dependencies initialized[39m[38;5;3m +0ms[39m
[32m[Nest] 23932  - [39m20.04.2026, 17:35:45 [32m    LOG[39m [38;5;3m[InstanceLoader] [39m[32mTypeOrmModule dependencies initialized[39m[38;5;3m +0ms[39m
[32m[Nest] 23932  - [39m20.04.2026, 17:35:45 [32m    LOG[39m [38;5;3m[InstanceLoader] [39m[32mTypeOrmModule dependencies initialized[39m[38;5;3m +0ms[39m
[32m[Nest] 23932  - [39m20.04.2026, 17:35:45 [32m    LOG[39m [38;5;3m[InstanceLoader] [39m[32mTypeOrmModule dependencies initialized[39m[38;5;3m +0ms[39m
[32m[Nest] 23932  - [39m20.04.2026, 17:35:45 [32m    LOG[39m [38;5;3m[InstanceLoader] [39m[32mTypeOrmModule dependencies initialized[39m[38;5;3m +0ms[39m
[32m[Nest] 23932  - [39m20.04.2026, 17:35:45 [32m    LOG[39m [38;5;3m[InstanceLoader] [39m[32mUsersModule dependencies initialized[39m[38;5;3m +1ms[39m
[32m[Nest] 23932  - [39m20.04.2026, 17:35:45 [32m    LOG[39m [38;5;3m[InstanceLoader] [39m[32mAuthModule dependencies initialized[39m[38;5;3m +1ms[39m
[32m[Nest] 23932  - [39m20.04.2026, 17:35:45 [32m    LOG[39m [38;5;3m[InstanceLoader] [39m[32mCategoriesModule dependencies initialized[39m[38;5;3m +0ms[39m
[32m[Nest] 23932  - [39m20.04.2026, 17:35:45 [32m    LOG[39m [38;5;3m[InstanceLoader] [39m[32mTransactionsModule dependencies initialized[39m[38;5;3m +0ms[39m
[32m[Nest] 23932  - [39m20.04.2026, 17:35:45 [32m    LOG[39m [38;5;3m[RoutesResolver] [39m[32mAppController {/}:[39m[38;5;3m +4ms[39m
[32m[Nest] 23932  - [39m20.04.2026, 17:35:45 [32m    LOG[39m [38;5;3m[RouterExplorer] [39m[32mMapped {/, GET} route[39m[38;5;3m +4ms[39m
[32m[Nest] 23932  - [39m20.04.2026, 17:35:45 [32m    LOG[39m [38;5;3m[RoutesResolver] [39m[32mUsersController {/users}:[39m[38;5;3m +0ms[39m
[32m[Nest] 23932  - [39m20.04.2026, 17:35:45 [32m    LOG[39m [38;5;3m[RouterExplorer] [39m[32mMapped {/users, POST} route[39m[38;5;3m +1ms[39m
[32m[Nest] 23932  - [39m20.04.2026, 17:35:45 [32m    LOG[39m [38;5;3m[RouterExplorer] [39m[32mMapped {/users, GET} route[39m[38;5;3m +0ms[39m
[32m[Nest] 23932  - [39m20.04.2026, 17:35:45 [32m    LOG[39m [38;5;3m[RouterExplorer] [39m[32mMapped {/users/:id, GET} route[39m[38;5;3m +1ms[39m
[32m[Nest] 23932  - [39m20.04.2026, 17:35:45 [32m    LOG[39m [38;5;3m[RouterExplorer] [39m[32mMapped {/users/:id, PATCH} route[39m[38;5;3m +0ms[39m
[32m[Nest] 23932  - [39m20.04.2026, 17:35:45 [32m    LOG[39m [38;5;3m[RouterExplorer] [39m[32mMapped {/users/:id, DELETE} route[39m[38;5;3m +0ms[39m
[32m[Nest] 23932  - [39m20.04.2026, 17:35:45 [32m    LOG[39m [38;5;3m[RoutesResolver] [39m[32mAuthController {/auth}:[39m[38;5;3m +0ms[39m
[32m[Nest] 23932  - [39m20.04.2026, 17:35:45 [32m    LOG[39m [38;5;3m[RouterExplorer] [39m[32mMapped {/auth/login, POST} route[39m[38;5;3m +1ms[39m
[32m[Nest] 23932  - [39m20.04.2026, 17:35:45 [32m    LOG[39m [38;5;3m[RouterExplorer] [39m[32mMapped {/auth/register, POST} route[39m[38;5;3m +0ms[39m
[32m[Nest] 23932  - [39m20.04.2026, 17:35:45 [32m    LOG[39m [38;5;3m[RouterExplorer] [39m[32mMapped {/auth/refresh, POST} route[39m[38;5;3m +0ms[39m
[32m[Nest] 23932  - [39m20.04.2026, 17:35:45 [32m    LOG[39m [38;5;3m[RoutesResolver] [39m[32mCategoriesController {/categories}:[39m[38;5;3m +0ms[39m
[32m[Nest] 23932  - [39m20.04.2026, 17:35:45 [32m    LOG[39m [38;5;3m[RouterExplorer] [39m[32mMapped {/categories, POST} route[39m[38;5;3m +1ms[39m
[32m[Nest] 23932  - [39m20.04.2026, 17:35:45 [32m    LOG[39m [38;5;3m[RouterExplorer] [39m[32mMapped {/categories, GET} route[39m[38;5;3m +0ms[39m
[32m[Nest] 23932  - [39m20.04.2026, 17:35:45 [32m    LOG[39m [38;5;3m[RouterExplorer] [39m[32mMapped {/categories/:id, GET} route[39m[38;5;3m +0ms[39m
[32m[Nest] 23932  - [39m20.04.2026, 17:35:45 [32m    LOG[39m [38;5;3m[RouterExplorer] [39m[32mMapped {/categories/:id, PATCH} route[39m[38;5;3m +0ms[39m
[32m[Nest] 23932  - [39m20.04.2026, 17:35:45 [32m    LOG[39m [38;5;3m[RouterExplorer] [39m[32mMapped {/categories/:id, DELETE} route[39m[38;5;3m +1ms[39m
[32m[Nest] 23932  - [39m20.04.2026, 17:35:45 [32m    LOG[39m [38;5;3m[RoutesResolver] [39m[32mTransactionsController {/transactions}:[39m[38;5;3m +0ms[39m
[32m[Nest] 23932  - [39m20.04.2026, 17:35:45 [32m    LOG[39m [38;5;3m[RouterExplorer] [39m[32mMapped {/transactions, POST} route[39m[38;5;3m +0ms[39m
[32m[Nest] 23932  - [39m20.04.2026, 17:35:45 [32m    LOG[39m [38;5;3m[RouterExplorer] [39m[32mMapped {/transactions, GET} route[39m[38;5;3m +0ms[39m
[32m[Nest] 23932  - [39m20.04.2026, 17:35:45 [32m    LOG[39m [38;5;3m[RouterExplorer] [39m[32mMapped {/transactions/:id, GET} route[39m[38;5;3m +0ms[39m
[32m[Nest] 23932  - [39m20.04.2026, 17:35:45 [32m    LOG[39m [38;5;3m[RouterExplorer] [39m[32mMapped {/transactions/:id, PATCH} route[39m[38;5;3m +0ms[39m
[32m[Nest] 23932  - [39m20.04.2026, 17:35:45 [32m    LOG[39m [38;5;3m[RouterExplorer] [39m[32mMapped {/transactions/:id, DELETE} route[39m[38;5;3m +0ms[39m
[32m[Nest] 23932  - [39m20.04.2026, 17:35:45 [32m    LOG[39m [38;5;3m[NestApplication] [39m[32mNest application successfully started[39m[38;5;3m +3ms[39m
